// Jest Snapshot v1, https://goo.gl/fbAQLP

exports[`MemoItem memoItem 요소는 스냅샷과 일치해야 한다. 1`] = `
<li
  class="list-group-item d-flex justify-content-between align-items-center"
>
  <span
    class="text-break"
  >
    item content
  </span>
  <button
    class="btn btn-danger btn-sm"
    data-item-id="1"
  >
    X
  </button>
</li>
`;
